<?xml version="1.0" encoding="UTF-8"?>
<TestRun id="60e99fc9-8855-4dc1-b5e7-be6cc7be5650" name="stin7054@VIDR95PV8H 2014-09-05 15:02:40" runUser="DJES\stin7054" xmlns="http://microsoft.com/schemas/VisualStudio/TeamTest/2010">
  <TestSettings name="Local" id="04115614-1aaf-4ba0-addb-7711795f6c7f">
    <Description>These are default test settings for a local test run.</Description>
    <Deployment enabled="false" runDeploymentRoot="stin7054_VIDR95PV8H 2014-09-05 15_02_40">
      <DeploymentItem filename="C:\Users\sttho102\Documents\Stinus Vikti\Projekter\VisualStudio-Projects\BDSA2013\Assignment36-ReversePolishCalculator\bin\Debug\Assignment36-ReversePolishCalculator.exe" />
    </Deployment>
    <Execution>
      <TestTypeSpecific />
      <AgentRule name="Execution Agents">
      </AgentRule>
    </Execution>
  </TestSettings>
  <Times creation="2014-09-05T15:02:40.0105898+02:00" queuing="2014-09-05T15:02:42.4577298+02:00" start="2014-09-05T15:02:42.5627358+02:00" finish="2014-09-05T15:02:45.5669076+02:00" />
  <ResultSummary outcome="Completed">
    <Counters total="10" executed="10" passed="10" error="0" failed="0" timeout="0" aborted="0" inconclusive="0" passedButRunAborted="0" notRunnable="0" notExecuted="0" disconnected="0" warning="0" completed="0" inProgress="0" pending="0" />
  </ResultSummary>
  <TestDefinitions>
    <UnitTest name="InfixTestPowBeforeX" storage="c:\users\sttho102\documents\stinus vikti\projekter\visualstudio-projects\bdsa2013\assignment36-reversepolishcalculator.tests\bin\debug\assignment36-reversepolishcalculator.tests.dll" id="a7808262-ae0c-8500-ceb3-883bc340dcf8">
      <Execution id="a7120444-6b21-4469-a564-92c91b032a93" />
      <TestMethod codeBase="C:/Users/sttho102/Documents/Stinus Vikti/Projekter/VisualStudio-Projects/BDSA2013/Assignment36-ReversePolishCalculator.Tests/bin/Debug/Assignment36-ReversePolishCalculator.Tests.DLL" adapterTypeName="Microsoft.VisualStudio.TestTools.TestTypes.Unit.UnitTestAdapter, Microsoft.VisualStudio.QualityTools.Tips.UnitTest.Adapter, Version=10.0.0.0, Culture=neutral, PublicKeyToken=b03f5f7f11d50a3a" className="Assignment36_ReversePolishCalculator.Tests.UnitTest1, Assignment36-ReversePolishCalculator.Tests, Version=1.0.0.0, Culture=neutral, PublicKeyToken=null" name="InfixTestPowBeforeX" />
    </UnitTest>
    <UnitTest name="TestAllOperaters" storage="c:\users\sttho102\documents\stinus vikti\projekter\visualstudio-projects\bdsa2013\assignment36-reversepolishcalculator.tests\bin\debug\assignment36-reversepolishcalculator.tests.dll" id="6816492e-f6d9-d09f-e8e1-8f7ece9c24e1">
      <Execution id="e1dc25b1-2e0d-43ac-925a-76b8a65d81ad" />
      <TestMethod codeBase="C:/Users/sttho102/Documents/Stinus Vikti/Projekter/VisualStudio-Projects/BDSA2013/Assignment36-ReversePolishCalculator.Tests/bin/Debug/Assignment36-ReversePolishCalculator.Tests.DLL" adapterTypeName="Microsoft.VisualStudio.TestTools.TestTypes.Unit.UnitTestAdapter, Microsoft.VisualStudio.QualityTools.Tips.UnitTest.Adapter, Version=10.0.0.0, Culture=neutral, PublicKeyToken=b03f5f7f11d50a3a" className="Assignment36_ReversePolishCalculator.Tests.UnitTest1, Assignment36-ReversePolishCalculator.Tests, Version=1.0.0.0, Culture=neutral, PublicKeyToken=null" name="TestAllOperaters" />
    </UnitTest>
    <UnitTest name="TestComplexExpressions" storage="c:\users\sttho102\documents\stinus vikti\projekter\visualstudio-projects\bdsa2013\assignment36-reversepolishcalculator.tests\bin\debug\assignment36-reversepolishcalculator.tests.dll" id="b635c620-a2d1-e040-1736-0813a271094a">
      <Execution id="5a6caaf9-b131-436c-8309-1ef5bf15e790" />
      <TestMethod codeBase="C:/Users/sttho102/Documents/Stinus Vikti/Projekter/VisualStudio-Projects/BDSA2013/Assignment36-ReversePolishCalculator.Tests/bin/Debug/Assignment36-ReversePolishCalculator.Tests.DLL" adapterTypeName="Microsoft.VisualStudio.TestTools.TestTypes.Unit.UnitTestAdapter, Microsoft.VisualStudio.QualityTools.Tips.UnitTest.Adapter, Version=10.0.0.0, Culture=neutral, PublicKeyToken=b03f5f7f11d50a3a" className="Assignment36_ReversePolishCalculator.Tests.UnitTest1, Assignment36-ReversePolishCalculator.Tests, Version=1.0.0.0, Culture=neutral, PublicKeyToken=null" name="TestComplexExpressions" />
    </UnitTest>
    <UnitTest name="InfixTestShouldGive14" storage="c:\users\sttho102\documents\stinus vikti\projekter\visualstudio-projects\bdsa2013\assignment36-reversepolishcalculator.tests\bin\debug\assignment36-reversepolishcalculator.tests.dll" id="ed58d528-690f-81c0-e15e-2862b47d7541">
      <Execution id="42652805-14ba-4130-b416-a2b854cc8330" />
      <TestMethod codeBase="C:/Users/sttho102/Documents/Stinus Vikti/Projekter/VisualStudio-Projects/BDSA2013/Assignment36-ReversePolishCalculator.Tests/bin/Debug/Assignment36-ReversePolishCalculator.Tests.DLL" adapterTypeName="Microsoft.VisualStudio.TestTools.TestTypes.Unit.UnitTestAdapter, Microsoft.VisualStudio.QualityTools.Tips.UnitTest.Adapter, Version=10.0.0.0, Culture=neutral, PublicKeyToken=b03f5f7f11d50a3a" className="Assignment36_ReversePolishCalculator.Tests.UnitTest1, Assignment36-ReversePolishCalculator.Tests, Version=1.0.0.0, Culture=neutral, PublicKeyToken=null" name="InfixTestShouldGive14" />
    </UnitTest>
    <UnitTest name="InfixTestNothingAndNull" storage="c:\users\sttho102\documents\stinus vikti\projekter\visualstudio-projects\bdsa2013\assignment36-reversepolishcalculator.tests\bin\debug\assignment36-reversepolishcalculator.tests.dll" id="d6db8c19-ab7e-ffde-44b8-2f34d1e5a36a">
      <Execution id="e3171356-25ea-4a52-bcd8-fae6414ebd5d" />
      <TestMethod codeBase="C:/Users/sttho102/Documents/Stinus Vikti/Projekter/VisualStudio-Projects/BDSA2013/Assignment36-ReversePolishCalculator.Tests/bin/Debug/Assignment36-ReversePolishCalculator.Tests.DLL" adapterTypeName="Microsoft.VisualStudio.TestTools.TestTypes.Unit.UnitTestAdapter, Microsoft.VisualStudio.QualityTools.Tips.UnitTest.Adapter, Version=10.0.0.0, Culture=neutral, PublicKeyToken=b03f5f7f11d50a3a" className="Assignment36_ReversePolishCalculator.Tests.UnitTest1, Assignment36-ReversePolishCalculator.Tests, Version=1.0.0.0, Culture=neutral, PublicKeyToken=null" name="InfixTestNothingAndNull" />
    </UnitTest>
    <UnitTest name="InfixTestXBeforePlus" storage="c:\users\sttho102\documents\stinus vikti\projekter\visualstudio-projects\bdsa2013\assignment36-reversepolishcalculator.tests\bin\debug\assignment36-reversepolishcalculator.tests.dll" id="8cd04349-3219-f9b3-8e49-09e993029a1e">
      <Execution id="0d945366-bd10-4006-982a-4e26e132cf41" />
      <TestMethod codeBase="C:/Users/sttho102/Documents/Stinus Vikti/Projekter/VisualStudio-Projects/BDSA2013/Assignment36-ReversePolishCalculator.Tests/bin/Debug/Assignment36-ReversePolishCalculator.Tests.DLL" adapterTypeName="Microsoft.VisualStudio.TestTools.TestTypes.Unit.UnitTestAdapter, Microsoft.VisualStudio.QualityTools.Tips.UnitTest.Adapter, Version=10.0.0.0, Culture=neutral, PublicKeyToken=b03f5f7f11d50a3a" className="Assignment36_ReversePolishCalculator.Tests.UnitTest1, Assignment36-ReversePolishCalculator.Tests, Version=1.0.0.0, Culture=neutral, PublicKeyToken=null" name="InfixTestXBeforePlus" />
    </UnitTest>
    <UnitTest name="TestShouldGive14" storage="c:\users\sttho102\documents\stinus vikti\projekter\visualstudio-projects\bdsa2013\assignment36-reversepolishcalculator.tests\bin\debug\assignment36-reversepolishcalculator.tests.dll" id="49e695f6-490e-902c-6b27-fab8aeb2b9ff">
      <Execution id="f38bfcf3-8b90-4ca3-b3f3-0d609c581495" />
      <TestMethod codeBase="C:/Users/sttho102/Documents/Stinus Vikti/Projekter/VisualStudio-Projects/BDSA2013/Assignment36-ReversePolishCalculator.Tests/bin/Debug/Assignment36-ReversePolishCalculator.Tests.DLL" adapterTypeName="Microsoft.VisualStudio.TestTools.TestTypes.Unit.UnitTestAdapter, Microsoft.VisualStudio.QualityTools.Tips.UnitTest.Adapter, Version=10.0.0.0, Culture=neutral, PublicKeyToken=b03f5f7f11d50a3a" className="Assignment36_ReversePolishCalculator.Tests.UnitTest1, Assignment36-ReversePolishCalculator.Tests, Version=1.0.0.0, Culture=neutral, PublicKeyToken=null" name="TestShouldGive14" />
    </UnitTest>
    <UnitTest name="InfixTestComplexExpressions" storage="c:\users\sttho102\documents\stinus vikti\projekter\visualstudio-projects\bdsa2013\assignment36-reversepolishcalculator.tests\bin\debug\assignment36-reversepolishcalculator.tests.dll" id="28d73f5d-2d82-b391-2c82-c341a39bf487">
      <Execution id="bad69e4f-58c3-4f7b-9a70-803abf8cb654" />
      <TestMethod codeBase="C:/Users/sttho102/Documents/Stinus Vikti/Projekter/VisualStudio-Projects/BDSA2013/Assignment36-ReversePolishCalculator.Tests/bin/Debug/Assignment36-ReversePolishCalculator.Tests.DLL" adapterTypeName="Microsoft.VisualStudio.TestTools.TestTypes.Unit.UnitTestAdapter, Microsoft.VisualStudio.QualityTools.Tips.UnitTest.Adapter, Version=10.0.0.0, Culture=neutral, PublicKeyToken=b03f5f7f11d50a3a" className="Assignment36_ReversePolishCalculator.Tests.UnitTest1, Assignment36-ReversePolishCalculator.Tests, Version=1.0.0.0, Culture=neutral, PublicKeyToken=null" name="InfixTestComplexExpressions" />
    </UnitTest>
    <UnitTest name="InfixTestAllOperaters" storage="c:\users\sttho102\documents\stinus vikti\projekter\visualstudio-projects\bdsa2013\assignment36-reversepolishcalculator.tests\bin\debug\assignment36-reversepolishcalculator.tests.dll" id="4b751b85-919b-e8a3-8d21-28def13a1163">
      <Execution id="33a779ed-a4a3-48c6-859e-7cd209a3f9b8" />
      <TestMethod codeBase="C:/Users/sttho102/Documents/Stinus Vikti/Projekter/VisualStudio-Projects/BDSA2013/Assignment36-ReversePolishCalculator.Tests/bin/Debug/Assignment36-ReversePolishCalculator.Tests.DLL" adapterTypeName="Microsoft.VisualStudio.TestTools.TestTypes.Unit.UnitTestAdapter, Microsoft.VisualStudio.QualityTools.Tips.UnitTest.Adapter, Version=10.0.0.0, Culture=neutral, PublicKeyToken=b03f5f7f11d50a3a" className="Assignment36_ReversePolishCalculator.Tests.UnitTest1, Assignment36-ReversePolishCalculator.Tests, Version=1.0.0.0, Culture=neutral, PublicKeyToken=null" name="InfixTestAllOperaters" />
    </UnitTest>
    <UnitTest name="TestNothingAndNull" storage="c:\users\sttho102\documents\stinus vikti\projekter\visualstudio-projects\bdsa2013\assignment36-reversepolishcalculator.tests\bin\debug\assignment36-reversepolishcalculator.tests.dll" id="60aa980d-9d7a-64e5-f753-8048cd2a8b2d">
      <Execution id="6b5c1557-f444-4541-b948-931bc98c36b1" />
      <TestMethod codeBase="C:/Users/sttho102/Documents/Stinus Vikti/Projekter/VisualStudio-Projects/BDSA2013/Assignment36-ReversePolishCalculator.Tests/bin/Debug/Assignment36-ReversePolishCalculator.Tests.DLL" adapterTypeName="Microsoft.VisualStudio.TestTools.TestTypes.Unit.UnitTestAdapter, Microsoft.VisualStudio.QualityTools.Tips.UnitTest.Adapter, Version=10.0.0.0, Culture=neutral, PublicKeyToken=b03f5f7f11d50a3a" className="Assignment36_ReversePolishCalculator.Tests.UnitTest1, Assignment36-ReversePolishCalculator.Tests, Version=1.0.0.0, Culture=neutral, PublicKeyToken=null" name="TestNothingAndNull" />
    </UnitTest>
  </TestDefinitions>
  <TestLists>
    <TestList name="Results Not in a List" id="8c84fa94-04c1-424b-9868-57a2d4851a1d" />
    <TestList name="All Loaded Results" id="19431567-8539-422a-85d7-44ee4e166bda" />
  </TestLists>
  <TestEntries>
    <TestEntry testId="60aa980d-9d7a-64e5-f753-8048cd2a8b2d" executionId="6b5c1557-f444-4541-b948-931bc98c36b1" testListId="8c84fa94-04c1-424b-9868-57a2d4851a1d" />
    <TestEntry testId="6816492e-f6d9-d09f-e8e1-8f7ece9c24e1" executionId="e1dc25b1-2e0d-43ac-925a-76b8a65d81ad" testListId="8c84fa94-04c1-424b-9868-57a2d4851a1d" />
    <TestEntry testId="b635c620-a2d1-e040-1736-0813a271094a" executionId="5a6caaf9-b131-436c-8309-1ef5bf15e790" testListId="8c84fa94-04c1-424b-9868-57a2d4851a1d" />
    <TestEntry testId="49e695f6-490e-902c-6b27-fab8aeb2b9ff" executionId="f38bfcf3-8b90-4ca3-b3f3-0d609c581495" testListId="8c84fa94-04c1-424b-9868-57a2d4851a1d" />
    <TestEntry testId="d6db8c19-ab7e-ffde-44b8-2f34d1e5a36a" executionId="e3171356-25ea-4a52-bcd8-fae6414ebd5d" testListId="8c84fa94-04c1-424b-9868-57a2d4851a1d" />
    <TestEntry testId="4b751b85-919b-e8a3-8d21-28def13a1163" executionId="33a779ed-a4a3-48c6-859e-7cd209a3f9b8" testListId="8c84fa94-04c1-424b-9868-57a2d4851a1d" />
    <TestEntry testId="28d73f5d-2d82-b391-2c82-c341a39bf487" executionId="bad69e4f-58c3-4f7b-9a70-803abf8cb654" testListId="8c84fa94-04c1-424b-9868-57a2d4851a1d" />
    <TestEntry testId="ed58d528-690f-81c0-e15e-2862b47d7541" executionId="42652805-14ba-4130-b416-a2b854cc8330" testListId="8c84fa94-04c1-424b-9868-57a2d4851a1d" />
    <TestEntry testId="8cd04349-3219-f9b3-8e49-09e993029a1e" executionId="0d945366-bd10-4006-982a-4e26e132cf41" testListId="8c84fa94-04c1-424b-9868-57a2d4851a1d" />
    <TestEntry testId="a7808262-ae0c-8500-ceb3-883bc340dcf8" executionId="a7120444-6b21-4469-a564-92c91b032a93" testListId="8c84fa94-04c1-424b-9868-57a2d4851a1d" />
  </TestEntries>
  <Results>
    <UnitTestResult executionId="6b5c1557-f444-4541-b948-931bc98c36b1" testId="60aa980d-9d7a-64e5-f753-8048cd2a8b2d" testName="TestNothingAndNull" computerName="VIDR95PV8H" duration="00:00:00.0309730" startTime="2014-09-05T15:02:42.6397402+02:00" endTime="2014-09-05T15:02:45.0498780+02:00" testType="13cdc9d9-ddb5-4fa4-a97d-d965ccfc6d4b" outcome="Passed" testListId="8c84fa94-04c1-424b-9868-57a2d4851a1d" relativeResultsDirectory="6b5c1557-f444-4541-b948-931bc98c36b1">
    </UnitTestResult>
    <UnitTestResult executionId="e1dc25b1-2e0d-43ac-925a-76b8a65d81ad" testId="6816492e-f6d9-d09f-e8e1-8f7ece9c24e1" testName="TestAllOperaters" computerName="VIDR95PV8H" duration="00:00:00.0017544" startTime="2014-09-05T15:02:45.0688791+02:00" endTime="2014-09-05T15:02:45.0788797+02:00" testType="13cdc9d9-ddb5-4fa4-a97d-d965ccfc6d4b" outcome="Passed" testListId="8c84fa94-04c1-424b-9868-57a2d4851a1d" relativeResultsDirectory="e1dc25b1-2e0d-43ac-925a-76b8a65d81ad">
    </UnitTestResult>
    <UnitTestResult executionId="5a6caaf9-b131-436c-8309-1ef5bf15e790" testId="b635c620-a2d1-e040-1736-0813a271094a" testName="TestComplexExpressions" computerName="VIDR95PV8H" duration="00:00:00.0004532" startTime="2014-09-05T15:02:45.0918804+02:00" endTime="2014-09-05T15:02:45.0988808+02:00" testType="13cdc9d9-ddb5-4fa4-a97d-d965ccfc6d4b" outcome="Passed" testListId="8c84fa94-04c1-424b-9868-57a2d4851a1d" relativeResultsDirectory="5a6caaf9-b131-436c-8309-1ef5bf15e790">
    </UnitTestResult>
    <UnitTestResult executionId="f38bfcf3-8b90-4ca3-b3f3-0d609c581495" testId="49e695f6-490e-902c-6b27-fab8aeb2b9ff" testName="TestShouldGive14" computerName="VIDR95PV8H" duration="00:00:00.0003681" startTime="2014-09-05T15:02:45.1098814+02:00" endTime="2014-09-05T15:02:45.1208821+02:00" testType="13cdc9d9-ddb5-4fa4-a97d-d965ccfc6d4b" outcome="Passed" testListId="8c84fa94-04c1-424b-9868-57a2d4851a1d" relativeResultsDirectory="f38bfcf3-8b90-4ca3-b3f3-0d609c581495">
    </UnitTestResult>
    <UnitTestResult executionId="e3171356-25ea-4a52-bcd8-fae6414ebd5d" testId="d6db8c19-ab7e-ffde-44b8-2f34d1e5a36a" testName="InfixTestNothingAndNull" computerName="VIDR95PV8H" duration="00:00:00.0028573" startTime="2014-09-05T15:02:45.1578842+02:00" endTime="2014-09-05T15:02:45.1728851+02:00" testType="13cdc9d9-ddb5-4fa4-a97d-d965ccfc6d4b" outcome="Passed" testListId="8c84fa94-04c1-424b-9868-57a2d4851a1d" relativeResultsDirectory="e3171356-25ea-4a52-bcd8-fae6414ebd5d">
    </UnitTestResult>
    <UnitTestResult executionId="33a779ed-a4a3-48c6-859e-7cd209a3f9b8" testId="4b751b85-919b-e8a3-8d21-28def13a1163" testName="InfixTestAllOperaters" computerName="VIDR95PV8H" duration="00:00:00.0062141" startTime="2014-09-05T15:02:45.2058869+02:00" endTime="2014-09-05T15:02:45.2188877+02:00" testType="13cdc9d9-ddb5-4fa4-a97d-d965ccfc6d4b" outcome="Passed" testListId="8c84fa94-04c1-424b-9868-57a2d4851a1d" relativeResultsDirectory="33a779ed-a4a3-48c6-859e-7cd209a3f9b8">
    </UnitTestResult>
    <UnitTestResult executionId="bad69e4f-58c3-4f7b-9a70-803abf8cb654" testId="28d73f5d-2d82-b391-2c82-c341a39bf487" testName="InfixTestComplexExpressions" computerName="VIDR95PV8H" duration="00:00:00.0010254" startTime="2014-09-05T15:02:45.2308884+02:00" endTime="2014-09-05T15:02:45.2388888+02:00" testType="13cdc9d9-ddb5-4fa4-a97d-d965ccfc6d4b" outcome="Passed" testListId="8c84fa94-04c1-424b-9868-57a2d4851a1d" relativeResultsDirectory="bad69e4f-58c3-4f7b-9a70-803abf8cb654">
    </UnitTestResult>
    <UnitTestResult executionId="42652805-14ba-4130-b416-a2b854cc8330" testId="ed58d528-690f-81c0-e15e-2862b47d7541" testName="InfixTestShouldGive14" computerName="VIDR95PV8H" duration="00:00:00.0003791" startTime="2014-09-05T15:02:45.2518896+02:00" endTime="2014-09-05T15:02:45.2588900+02:00" testType="13cdc9d9-ddb5-4fa4-a97d-d965ccfc6d4b" outcome="Passed" testListId="8c84fa94-04c1-424b-9868-57a2d4851a1d" relativeResultsDirectory="42652805-14ba-4130-b416-a2b854cc8330">
    </UnitTestResult>
    <UnitTestResult executionId="0d945366-bd10-4006-982a-4e26e132cf41" testId="8cd04349-3219-f9b3-8e49-09e993029a1e" testName="InfixTestXBeforePlus" computerName="VIDR95PV8H" duration="00:00:00.0007102" startTime="2014-09-05T15:02:45.2718907+02:00" endTime="2014-09-05T15:02:45.2788911+02:00" testType="13cdc9d9-ddb5-4fa4-a97d-d965ccfc6d4b" outcome="Passed" testListId="8c84fa94-04c1-424b-9868-57a2d4851a1d" relativeResultsDirectory="0d945366-bd10-4006-982a-4e26e132cf41">
    </UnitTestResult>
    <UnitTestResult executionId="a7120444-6b21-4469-a564-92c91b032a93" testId="a7808262-ae0c-8500-ceb3-883bc340dcf8" testName="InfixTestPowBeforeX" computerName="VIDR95PV8H" duration="00:00:00.0004287" startTime="2014-09-05T15:02:45.2918919+02:00" endTime="2014-09-05T15:02:45.2988923+02:00" testType="13cdc9d9-ddb5-4fa4-a97d-d965ccfc6d4b" outcome="Passed" testListId="8c84fa94-04c1-424b-9868-57a2d4851a1d" relativeResultsDirectory="a7120444-6b21-4469-a564-92c91b032a93">
    </UnitTestResult>
  </Results>
</TestRun>