<?xml version="1.0" encoding="UTF-8"?>
<TestRun id="3dc9f628-f955-4cd4-a4d3-04d09e78deec" name="stin7054@VIDR95PV8H 2014-09-12 17:59:46" runUser="DJES\stin7054" xmlns="http://microsoft.com/schemas/VisualStudio/TeamTest/2010">
  <TestSettings name="Local" id="04115614-1aaf-4ba0-addb-7711795f6c7f">
    <Description>These are default test settings for a local test run.</Description>
    <Deployment enabled="false" runDeploymentRoot="stin7054_VIDR95PV8H 2014-09-12 17_59_46">
      <DeploymentItem filename="C:\Users\stin7054\Documents\GitHub\BDSA2014\BDSA2013\Assignment37-ReversePolishCalculator\bin\Debug\Assignment37-ReversePolishCalculator.exe" />
    </Deployment>
    <Execution>
      <TestTypeSpecific />
      <AgentRule name="Execution Agents">
      </AgentRule>
    </Execution>
  </TestSettings>
  <Times creation="2014-09-12T17:59:46.4343193+02:00" queuing="2014-09-12T17:59:48.6024433+02:00" start="2014-09-12T17:59:48.7324507+02:00" finish="2014-09-12T18:00:35.1751071+02:00" />
  <ResultSummary outcome="Error">
    <Counters total="10" executed="5" passed="4" error="0" failed="0" timeout="0" aborted="1" inconclusive="0" passedButRunAborted="0" notRunnable="0" notExecuted="5" disconnected="0" warning="0" completed="0" inProgress="0" pending="0" />
    <RunInfos>
      <RunInfo computerName="VIDR95PV8H" outcome="Error" timestamp="2014-09-12T18:00:35.1721069+02:00">
        <Text>Test host process exited unexpectedly.</Text>
      </RunInfo>
    </RunInfos>
  </ResultSummary>
  <TestDefinitions>
    <UnitTest name="InfixTestAllOperaters" storage="c:\users\stin7054\documents\github\bdsa2014\bdsa2013\assignment37_reversepolishcalculator.test\bin\debug\assignment37_reversepolishcalculator.test.dll" id="78557564-b2d4-7df1-b9dc-8bc3581670d0">
      <Execution id="f0b35006-161a-4224-bc5d-143a6495b376" />
      <TestMethod codeBase="C:/Users/stin7054/Documents/GitHub/BDSA2014/BDSA2013/Assignment37_ReversePolishCalculator.test/bin/Debug/Assignment37_ReversePolishCalculator.test.DLL" adapterTypeName="Microsoft.VisualStudio.TestTools.TestTypes.Unit.UnitTestAdapter, Microsoft.VisualStudio.QualityTools.Tips.UnitTest.Adapter, Version=10.0.0.0, Culture=neutral, PublicKeyToken=b03f5f7f11d50a3a" className="Assignment37_ReversePolishCalculator.test.UnitTest1, Assignment37_ReversePolishCalculator.test, Version=1.0.0.0, Culture=neutral, PublicKeyToken=null" name="InfixTestAllOperaters" />
    </UnitTest>
    <UnitTest name="InfixTestShouldGive14" storage="c:\users\stin7054\documents\github\bdsa2014\bdsa2013\assignment37_reversepolishcalculator.test\bin\debug\assignment37_reversepolishcalculator.test.dll" id="0587474e-8cdf-b35c-53d2-1cc0a5efa030">
      <Execution id="ead64404-970f-4ef6-aef8-7ce172ad8e20" />
      <TestMethod codeBase="C:/Users/stin7054/Documents/GitHub/BDSA2014/BDSA2013/Assignment37_ReversePolishCalculator.test/bin/Debug/Assignment37_ReversePolishCalculator.test.DLL" adapterTypeName="Microsoft.VisualStudio.TestTools.TestTypes.Unit.UnitTestAdapter, Microsoft.VisualStudio.QualityTools.Tips.UnitTest.Adapter, Version=10.0.0.0, Culture=neutral, PublicKeyToken=b03f5f7f11d50a3a" className="Assignment37_ReversePolishCalculator.test.UnitTest1, Assignment37_ReversePolishCalculator.test, Version=1.0.0.0, Culture=neutral, PublicKeyToken=null" name="InfixTestShouldGive14" />
    </UnitTest>
    <UnitTest name="TestNothingAndNull" storage="c:\users\stin7054\documents\github\bdsa2014\bdsa2013\assignment37_reversepolishcalculator.test\bin\debug\assignment37_reversepolishcalculator.test.dll" id="55736ecb-5ac6-d2a8-1b5a-2537e7f6e195">
      <Execution id="9f98cce0-9ac5-4ef2-88b0-a35fab2543cf" />
      <TestMethod codeBase="C:/Users/stin7054/Documents/GitHub/BDSA2014/BDSA2013/Assignment37_ReversePolishCalculator.test/bin/Debug/Assignment37_ReversePolishCalculator.test.DLL" adapterTypeName="Microsoft.VisualStudio.TestTools.TestTypes.Unit.UnitTestAdapter, Microsoft.VisualStudio.QualityTools.Tips.UnitTest.Adapter, Version=10.0.0.0, Culture=neutral, PublicKeyToken=b03f5f7f11d50a3a" className="Assignment37_ReversePolishCalculator.test.UnitTest1, Assignment37_ReversePolishCalculator.test, Version=1.0.0.0, Culture=neutral, PublicKeyToken=null" name="TestNothingAndNull" />
    </UnitTest>
    <UnitTest name="TestComplexExpressions" storage="c:\users\stin7054\documents\github\bdsa2014\bdsa2013\assignment37_reversepolishcalculator.test\bin\debug\assignment37_reversepolishcalculator.test.dll" id="0b65d7d9-3b47-9fa5-37c5-3b2d7af6ed77">
      <Execution id="49637322-fac0-4459-b41f-2f42d4968262" />
      <TestMethod codeBase="C:/Users/stin7054/Documents/GitHub/BDSA2014/BDSA2013/Assignment37_ReversePolishCalculator.test/bin/Debug/Assignment37_ReversePolishCalculator.test.DLL" adapterTypeName="Microsoft.VisualStudio.TestTools.TestTypes.Unit.UnitTestAdapter, Microsoft.VisualStudio.QualityTools.Tips.UnitTest.Adapter, Version=10.0.0.0, Culture=neutral, PublicKeyToken=b03f5f7f11d50a3a" className="Assignment37_ReversePolishCalculator.test.UnitTest1, Assignment37_ReversePolishCalculator.test, Version=1.0.0.0, Culture=neutral, PublicKeyToken=null" name="TestComplexExpressions" />
    </UnitTest>
    <UnitTest name="InfixTestNothingAndNull" storage="c:\users\stin7054\documents\github\bdsa2014\bdsa2013\assignment37_reversepolishcalculator.test\bin\debug\assignment37_reversepolishcalculator.test.dll" id="a9ae6639-1269-fa2a-4800-482cd47f32e8">
      <Execution id="cfa1b87d-27d3-4dae-8645-c8c808e4e5d3" />
      <TestMethod codeBase="C:/Users/stin7054/Documents/GitHub/BDSA2014/BDSA2013/Assignment37_ReversePolishCalculator.test/bin/Debug/Assignment37_ReversePolishCalculator.test.DLL" adapterTypeName="Microsoft.VisualStudio.TestTools.TestTypes.Unit.UnitTestAdapter, Microsoft.VisualStudio.QualityTools.Tips.UnitTest.Adapter, Version=10.0.0.0, Culture=neutral, PublicKeyToken=b03f5f7f11d50a3a" className="Assignment37_ReversePolishCalculator.test.UnitTest1, Assignment37_ReversePolishCalculator.test, Version=1.0.0.0, Culture=neutral, PublicKeyToken=null" name="InfixTestNothingAndNull" />
    </UnitTest>
    <UnitTest name="TestAllOperaters" storage="c:\users\stin7054\documents\github\bdsa2014\bdsa2013\assignment37_reversepolishcalculator.test\bin\debug\assignment37_reversepolishcalculator.test.dll" id="ebaa08fa-ca64-2f9d-000b-284739e5faa4">
      <Execution id="21dc6d10-a1cf-4944-be60-7ae92a190bd6" />
      <TestMethod codeBase="C:/Users/stin7054/Documents/GitHub/BDSA2014/BDSA2013/Assignment37_ReversePolishCalculator.test/bin/Debug/Assignment37_ReversePolishCalculator.test.DLL" adapterTypeName="Microsoft.VisualStudio.TestTools.TestTypes.Unit.UnitTestAdapter, Microsoft.VisualStudio.QualityTools.Tips.UnitTest.Adapter, Version=10.0.0.0, Culture=neutral, PublicKeyToken=b03f5f7f11d50a3a" className="Assignment37_ReversePolishCalculator.test.UnitTest1, Assignment37_ReversePolishCalculator.test, Version=1.0.0.0, Culture=neutral, PublicKeyToken=null" name="TestAllOperaters" />
    </UnitTest>
    <UnitTest name="InfixTestComplexExpressions" storage="c:\users\stin7054\documents\github\bdsa2014\bdsa2013\assignment37_reversepolishcalculator.test\bin\debug\assignment37_reversepolishcalculator.test.dll" id="d5853c0e-26ef-d402-fcdb-d8466c042508">
      <Execution id="fa4c374e-2858-487b-a82b-a8795fb7713c" />
      <TestMethod codeBase="C:/Users/stin7054/Documents/GitHub/BDSA2014/BDSA2013/Assignment37_ReversePolishCalculator.test/bin/Debug/Assignment37_ReversePolishCalculator.test.DLL" adapterTypeName="Microsoft.VisualStudio.TestTools.TestTypes.Unit.UnitTestAdapter, Microsoft.VisualStudio.QualityTools.Tips.UnitTest.Adapter, Version=10.0.0.0, Culture=neutral, PublicKeyToken=b03f5f7f11d50a3a" className="Assignment37_ReversePolishCalculator.test.UnitTest1, Assignment37_ReversePolishCalculator.test, Version=1.0.0.0, Culture=neutral, PublicKeyToken=null" name="InfixTestComplexExpressions" />
    </UnitTest>
    <UnitTest name="InfixTestXBeforePlus" storage="c:\users\stin7054\documents\github\bdsa2014\bdsa2013\assignment37_reversepolishcalculator.test\bin\debug\assignment37_reversepolishcalculator.test.dll" id="69bdaff6-7781-442a-ef92-b47b7a38f542">
      <Execution id="76c7d056-f990-423e-9ecc-bc25329118aa" />
      <TestMethod codeBase="C:/Users/stin7054/Documents/GitHub/BDSA2014/BDSA2013/Assignment37_ReversePolishCalculator.test/bin/Debug/Assignment37_ReversePolishCalculator.test.DLL" adapterTypeName="Microsoft.VisualStudio.TestTools.TestTypes.Unit.UnitTestAdapter, Microsoft.VisualStudio.QualityTools.Tips.UnitTest.Adapter, Version=10.0.0.0, Culture=neutral, PublicKeyToken=b03f5f7f11d50a3a" className="Assignment37_ReversePolishCalculator.test.UnitTest1, Assignment37_ReversePolishCalculator.test, Version=1.0.0.0, Culture=neutral, PublicKeyToken=null" name="InfixTestXBeforePlus" />
    </UnitTest>
    <UnitTest name="TestShouldGive14" storage="c:\users\stin7054\documents\github\bdsa2014\bdsa2013\assignment37_reversepolishcalculator.test\bin\debug\assignment37_reversepolishcalculator.test.dll" id="10fcdf76-4bc9-d882-e99a-48bc993676a8">
      <Execution id="bcc9d8f7-d2c2-4548-bffd-e1a1827607d9" />
      <TestMethod codeBase="C:/Users/stin7054/Documents/GitHub/BDSA2014/BDSA2013/Assignment37_ReversePolishCalculator.test/bin/Debug/Assignment37_ReversePolishCalculator.test.DLL" adapterTypeName="Microsoft.VisualStudio.TestTools.TestTypes.Unit.UnitTestAdapter, Microsoft.VisualStudio.QualityTools.Tips.UnitTest.Adapter, Version=10.0.0.0, Culture=neutral, PublicKeyToken=b03f5f7f11d50a3a" className="Assignment37_ReversePolishCalculator.test.UnitTest1, Assignment37_ReversePolishCalculator.test, Version=1.0.0.0, Culture=neutral, PublicKeyToken=null" name="TestShouldGive14" />
    </UnitTest>
    <UnitTest name="InfixTestPowBeforeX" storage="c:\users\stin7054\documents\github\bdsa2014\bdsa2013\assignment37_reversepolishcalculator.test\bin\debug\assignment37_reversepolishcalculator.test.dll" id="ff94907c-80ed-3370-59f4-0a57a50f3061">
      <Execution id="da76d9fc-f5cd-4864-9975-e2351345dc8d" />
      <TestMethod codeBase="C:/Users/stin7054/Documents/GitHub/BDSA2014/BDSA2013/Assignment37_ReversePolishCalculator.test/bin/Debug/Assignment37_ReversePolishCalculator.test.DLL" adapterTypeName="Microsoft.VisualStudio.TestTools.TestTypes.Unit.UnitTestAdapter, Microsoft.VisualStudio.QualityTools.Tips.UnitTest.Adapter, Version=10.0.0.0, Culture=neutral, PublicKeyToken=b03f5f7f11d50a3a" className="Assignment37_ReversePolishCalculator.test.UnitTest1, Assignment37_ReversePolishCalculator.test, Version=1.0.0.0, Culture=neutral, PublicKeyToken=null" name="InfixTestPowBeforeX" />
    </UnitTest>
  </TestDefinitions>
  <TestLists>
    <TestList name="Results Not in a List" id="8c84fa94-04c1-424b-9868-57a2d4851a1d" />
    <TestList name="All Loaded Results" id="19431567-8539-422a-85d7-44ee4e166bda" />
  </TestLists>
  <TestEntries>
    <TestEntry testId="55736ecb-5ac6-d2a8-1b5a-2537e7f6e195" executionId="9f98cce0-9ac5-4ef2-88b0-a35fab2543cf" testListId="8c84fa94-04c1-424b-9868-57a2d4851a1d" />
    <TestEntry testId="ebaa08fa-ca64-2f9d-000b-284739e5faa4" executionId="21dc6d10-a1cf-4944-be60-7ae92a190bd6" testListId="8c84fa94-04c1-424b-9868-57a2d4851a1d" />
    <TestEntry testId="0b65d7d9-3b47-9fa5-37c5-3b2d7af6ed77" executionId="49637322-fac0-4459-b41f-2f42d4968262" testListId="8c84fa94-04c1-424b-9868-57a2d4851a1d" />
    <TestEntry testId="10fcdf76-4bc9-d882-e99a-48bc993676a8" executionId="bcc9d8f7-d2c2-4548-bffd-e1a1827607d9" testListId="8c84fa94-04c1-424b-9868-57a2d4851a1d" />
    <TestEntry testId="a9ae6639-1269-fa2a-4800-482cd47f32e8" executionId="cfa1b87d-27d3-4dae-8645-c8c808e4e5d3" testListId="8c84fa94-04c1-424b-9868-57a2d4851a1d" />
    <TestEntry testId="78557564-b2d4-7df1-b9dc-8bc3581670d0" executionId="f0b35006-161a-4224-bc5d-143a6495b376" testListId="8c84fa94-04c1-424b-9868-57a2d4851a1d" />
    <TestEntry testId="d5853c0e-26ef-d402-fcdb-d8466c042508" executionId="fa4c374e-2858-487b-a82b-a8795fb7713c" testListId="8c84fa94-04c1-424b-9868-57a2d4851a1d" />
    <TestEntry testId="0587474e-8cdf-b35c-53d2-1cc0a5efa030" executionId="ead64404-970f-4ef6-aef8-7ce172ad8e20" testListId="8c84fa94-04c1-424b-9868-57a2d4851a1d" />
    <TestEntry testId="69bdaff6-7781-442a-ef92-b47b7a38f542" executionId="76c7d056-f990-423e-9ecc-bc25329118aa" testListId="8c84fa94-04c1-424b-9868-57a2d4851a1d" />
    <TestEntry testId="ff94907c-80ed-3370-59f4-0a57a50f3061" executionId="da76d9fc-f5cd-4864-9975-e2351345dc8d" testListId="8c84fa94-04c1-424b-9868-57a2d4851a1d" />
  </TestEntries>
  <Results>
    <UnitTestResult executionId="9f98cce0-9ac5-4ef2-88b0-a35fab2543cf" testId="55736ecb-5ac6-d2a8-1b5a-2537e7f6e195" testName="TestNothingAndNull" computerName="VIDR95PV8H" duration="00:00:00.0575854" startTime="2014-09-12T17:59:48.8244560+02:00" endTime="2014-09-12T17:59:52.5416686+02:00" testType="13cdc9d9-ddb5-4fa4-a97d-d965ccfc6d4b" outcome="Passed" testListId="8c84fa94-04c1-424b-9868-57a2d4851a1d" relativeResultsDirectory="9f98cce0-9ac5-4ef2-88b0-a35fab2543cf">
    </UnitTestResult>
    <UnitTestResult executionId="21dc6d10-a1cf-4944-be60-7ae92a190bd6" testId="ebaa08fa-ca64-2f9d-000b-284739e5faa4" testName="TestAllOperaters" computerName="VIDR95PV8H" duration="00:00:00.0042205" startTime="2014-09-12T17:59:52.5606697+02:00" endTime="2014-09-12T17:59:52.5766706+02:00" testType="13cdc9d9-ddb5-4fa4-a97d-d965ccfc6d4b" outcome="Passed" testListId="8c84fa94-04c1-424b-9868-57a2d4851a1d" relativeResultsDirectory="21dc6d10-a1cf-4944-be60-7ae92a190bd6">
    </UnitTestResult>
    <UnitTestResult executionId="49637322-fac0-4459-b41f-2f42d4968262" testId="0b65d7d9-3b47-9fa5-37c5-3b2d7af6ed77" testName="TestComplexExpressions" computerName="VIDR95PV8H" duration="00:00:00.0006799" startTime="2014-09-12T17:59:52.5936716+02:00" endTime="2014-09-12T17:59:52.6056723+02:00" testType="13cdc9d9-ddb5-4fa4-a97d-d965ccfc6d4b" outcome="Passed" testListId="8c84fa94-04c1-424b-9868-57a2d4851a1d" relativeResultsDirectory="49637322-fac0-4459-b41f-2f42d4968262">
    </UnitTestResult>
    <UnitTestResult executionId="bcc9d8f7-d2c2-4548-bffd-e1a1827607d9" testId="10fcdf76-4bc9-d882-e99a-48bc993676a8" testName="TestShouldGive14" computerName="VIDR95PV8H" duration="00:00:00.0005456" startTime="2014-09-12T17:59:52.6246733+02:00" endTime="2014-09-12T17:59:52.6396742+02:00" testType="13cdc9d9-ddb5-4fa4-a97d-d965ccfc6d4b" outcome="Passed" testListId="8c84fa94-04c1-424b-9868-57a2d4851a1d" relativeResultsDirectory="bcc9d8f7-d2c2-4548-bffd-e1a1827607d9">
    </UnitTestResult>
    <UnitTestResult executionId="cfa1b87d-27d3-4dae-8645-c8c808e4e5d3" testId="a9ae6639-1269-fa2a-4800-482cd47f32e8" testName="InfixTestNothingAndNull" computerName="VIDR95PV8H" duration="00:00:42.4944305" startTime="2014-09-12T17:59:52.6796765+02:00" endTime="2014-09-12T18:00:35.1741070+02:00" testType="13cdc9d9-ddb5-4fa4-a97d-d965ccfc6d4b" outcome="Aborted" testListId="8c84fa94-04c1-424b-9868-57a2d4851a1d" relativeResultsDirectory="cfa1b87d-27d3-4dae-8645-c8c808e4e5d3">
    </UnitTestResult>
    <UnitTestResult executionId="f0b35006-161a-4224-bc5d-143a6495b376" testId="78557564-b2d4-7df1-b9dc-8bc3581670d0" testName="InfixTestAllOperaters" computerName="VIDR95PV8H" testType="13cdc9d9-ddb5-4fa4-a97d-d965ccfc6d4b" outcome="NotExecuted" testListId="8c84fa94-04c1-424b-9868-57a2d4851a1d" relativeResultsDirectory="f0b35006-161a-4224-bc5d-143a6495b376">
    </UnitTestResult>
    <UnitTestResult executionId="fa4c374e-2858-487b-a82b-a8795fb7713c" testId="d5853c0e-26ef-d402-fcdb-d8466c042508" testName="InfixTestComplexExpressions" computerName="VIDR95PV8H" testType="13cdc9d9-ddb5-4fa4-a97d-d965ccfc6d4b" outcome="NotExecuted" testListId="8c84fa94-04c1-424b-9868-57a2d4851a1d" relativeResultsDirectory="fa4c374e-2858-487b-a82b-a8795fb7713c">
    </UnitTestResult>
    <UnitTestResult executionId="ead64404-970f-4ef6-aef8-7ce172ad8e20" testId="0587474e-8cdf-b35c-53d2-1cc0a5efa030" testName="InfixTestShouldGive14" computerName="VIDR95PV8H" testType="13cdc9d9-ddb5-4fa4-a97d-d965ccfc6d4b" outcome="NotExecuted" testListId="8c84fa94-04c1-424b-9868-57a2d4851a1d" relativeResultsDirectory="ead64404-970f-4ef6-aef8-7ce172ad8e20">
    </UnitTestResult>
    <UnitTestResult executionId="76c7d056-f990-423e-9ecc-bc25329118aa" testId="69bdaff6-7781-442a-ef92-b47b7a38f542" testName="InfixTestXBeforePlus" computerName="VIDR95PV8H" testType="13cdc9d9-ddb5-4fa4-a97d-d965ccfc6d4b" outcome="NotExecuted" testListId="8c84fa94-04c1-424b-9868-57a2d4851a1d" relativeResultsDirectory="76c7d056-f990-423e-9ecc-bc25329118aa">
    </UnitTestResult>
    <UnitTestResult executionId="da76d9fc-f5cd-4864-9975-e2351345dc8d" testId="ff94907c-80ed-3370-59f4-0a57a50f3061" testName="InfixTestPowBeforeX" computerName="VIDR95PV8H" testType="13cdc9d9-ddb5-4fa4-a97d-d965ccfc6d4b" outcome="NotExecuted" testListId="8c84fa94-04c1-424b-9868-57a2d4851a1d" relativeResultsDirectory="da76d9fc-f5cd-4864-9975-e2351345dc8d">
    </UnitTestResult>
  </Results>
</TestRun>