<?xml version="1.0" encoding="UTF-8"?>
<TestRun id="6c34d56d-401f-4544-83ea-d75020be968b" name="stin7054@VIDR95PV8H 2014-09-12 16:45:13" runUser="DJES\stin7054" xmlns="http://microsoft.com/schemas/VisualStudio/TeamTest/2010">
  <TestSettings name="Local" id="04115614-1aaf-4ba0-addb-7711795f6c7f">
    <Description>These are default test settings for a local test run.</Description>
    <Deployment enabled="false" runDeploymentRoot="stin7054_VIDR95PV8H 2014-09-12 16_45_13">
      <DeploymentItem filename="C:\Users\stin7054\Documents\GitHub\BDSA2014\BDSA2013\Assignment37-TextProcessing\bin\Debug\Assignment37-TextProcessing.exe" />
    </Deployment>
    <Execution>
      <TestTypeSpecific />
      <AgentRule name="Execution Agents">
      </AgentRule>
    </Execution>
  </TestSettings>
  <Times creation="2014-09-12T16:45:13.3674745+02:00" queuing="2014-09-12T16:45:15.8236150+02:00" start="2014-09-12T16:45:15.9576226+02:00" finish="2014-09-12T16:45:38.7059238+02:00" />
  <ResultSummary outcome="Failed">
    <Counters total="1" executed="1" error="0" failed="1" timeout="0" aborted="0" inconclusive="0" passedButRunAborted="0" notRunnable="0" notExecuted="0" disconnected="0" warning="0" passed="0" completed="0" inProgress="0" pending="0" />
  </ResultSummary>
  <TestDefinitions>
    <UnitTest name="TestMethod1" storage="c:\users\stin7054\documents\github\bdsa2014\bdsa2013\assignment37-textprocessing.tests\bin\debug\assignment37-textprocessing.tests.dll" id="fb526598-bf23-f82a-6ce1-d66a4f750b0f">
      <Execution id="67f5c6f2-9782-401e-b69a-7dec3f25b67b" />
      <TestMethod codeBase="C:/Users/stin7054/Documents/GitHub/BDSA2014/BDSA2013/Assignment37-TextProcessing.Tests/bin/Debug/Assignment37-TextProcessing.Tests.DLL" adapterTypeName="Microsoft.VisualStudio.TestTools.TestTypes.Unit.UnitTestAdapter, Microsoft.VisualStudio.QualityTools.Tips.UnitTest.Adapter, Version=10.0.0.0, Culture=neutral, PublicKeyToken=b03f5f7f11d50a3a" className="Assignment37_TextProcessing.Tests.UnitTest1, Assignment37-TextProcessing.Tests, Version=1.0.0.0, Culture=neutral, PublicKeyToken=null" name="TestMethod1" />
    </UnitTest>
  </TestDefinitions>
  <TestLists>
    <TestList name="Results Not in a List" id="8c84fa94-04c1-424b-9868-57a2d4851a1d" />
    <TestList name="All Loaded Results" id="19431567-8539-422a-85d7-44ee4e166bda" />
  </TestLists>
  <TestEntries>
    <TestEntry testId="fb526598-bf23-f82a-6ce1-d66a4f750b0f" executionId="67f5c6f2-9782-401e-b69a-7dec3f25b67b" testListId="8c84fa94-04c1-424b-9868-57a2d4851a1d" />
  </TestEntries>
  <Results>
    <UnitTestResult executionId="67f5c6f2-9782-401e-b69a-7dec3f25b67b" testId="fb526598-bf23-f82a-6ce1-d66a4f750b0f" testName="TestMethod1" computerName="VIDR95PV8H" duration="00:00:19.3859156" startTime="2014-09-12T16:45:16.0266266+02:00" endTime="2014-09-12T16:45:38.5799166+02:00" testType="13cdc9d9-ddb5-4fa4-a97d-d965ccfc6d4b" outcome="Failed" testListId="8c84fa94-04c1-424b-9868-57a2d4851a1d" relativeResultsDirectory="67f5c6f2-9782-401e-b69a-7dec3f25b67b">
      <Output>
        <ErrorInfo>
          <Message>Test method Assignment37_TextProcessing.Tests.UnitTest1.TestMethod1 threw exception: 
System.Exception: hej</Message>
          <StackTrace>    ved Assignment37_TextProcessing.TextProcessing.Main(String[] args) i C:\Users\stin7054\Documents\GitHub\BDSA2014\BDSA2013\Assignment37-TextProcessing\TextProcessing.cs:linje 19
   ved Assignment37_TextProcessing.Tests.UnitTest1.TestMethod1() i C:\Users\stin7054\Documents\GitHub\BDSA2014\BDSA2013\Assignment37-TextProcessing.Tests\UnitTest1.cs:linje 12
</StackTrace>
        </ErrorInfo>
      </Output>
    </UnitTestResult>
  </Results>
</TestRun>