<?xml version="1.0" encoding="UTF-8"?>
<TestRun id="82ddc9b5-1565-48a1-bd9b-9df900d4b782" name="stin7054@VIDR95PV8H 2014-09-05 15:01:47" runUser="DJES\stin7054" xmlns="http://microsoft.com/schemas/VisualStudio/TeamTest/2010">
  <TestSettings name="Local" id="04115614-1aaf-4ba0-addb-7711795f6c7f">
    <Description>These are default test settings for a local test run.</Description>
    <Deployment enabled="false" runDeploymentRoot="stin7054_VIDR95PV8H 2014-09-05 15_01_47">
      <DeploymentItem filename="C:\Users\sttho102\Documents\Stinus Vikti\Projekter\VisualStudio-Projects\BDSA2013\Assignment36-ReversePolishCalculator\bin\Debug\Assignment36-ReversePolishCalculator.exe" />
    </Deployment>
    <Execution>
      <TestTypeSpecific />
      <AgentRule name="Execution Agents">
      </AgentRule>
    </Execution>
  </TestSettings>
  <Times creation="2014-09-05T15:01:47.6285937+02:00" queuing="2014-09-05T15:01:50.0787338+02:00" start="2014-09-05T15:01:50.2347428+02:00" finish="2014-09-05T15:02:08.9488132+02:00" />
  <ResultSummary outcome="Error">
    <Counters total="10" executed="5" passed="4" error="0" failed="0" timeout="0" aborted="1" inconclusive="0" passedButRunAborted="0" notRunnable="0" notExecuted="5" disconnected="0" warning="0" completed="0" inProgress="0" pending="0" />
    <RunInfos>
      <RunInfo computerName="VIDR95PV8H" outcome="Error" timestamp="2014-09-05T15:02:08.9398126+02:00">
        <Text>Test host process exited unexpectedly.</Text>
      </RunInfo>
    </RunInfos>
  </ResultSummary>
  <TestDefinitions>
    <UnitTest name="InfixTestPowBeforeX" storage="c:\users\sttho102\documents\stinus vikti\projekter\visualstudio-projects\bdsa2013\assignment36-reversepolishcalculator.tests\bin\debug\assignment36-reversepolishcalculator.tests.dll" id="a7808262-ae0c-8500-ceb3-883bc340dcf8">
      <Execution id="7462657c-05d4-4f54-9fcd-a08c5d267497" />
      <TestMethod codeBase="C:/Users/sttho102/Documents/Stinus Vikti/Projekter/VisualStudio-Projects/BDSA2013/Assignment36-ReversePolishCalculator.Tests/bin/Debug/Assignment36-ReversePolishCalculator.Tests.DLL" adapterTypeName="Microsoft.VisualStudio.TestTools.TestTypes.Unit.UnitTestAdapter, Microsoft.VisualStudio.QualityTools.Tips.UnitTest.Adapter, Version=10.0.0.0, Culture=neutral, PublicKeyToken=b03f5f7f11d50a3a" className="Assignment36_ReversePolishCalculator.Tests.UnitTest1, Assignment36-ReversePolishCalculator.Tests, Version=1.0.0.0, Culture=neutral, PublicKeyToken=null" name="InfixTestPowBeforeX" />
    </UnitTest>
    <UnitTest name="TestAllOperaters" storage="c:\users\sttho102\documents\stinus vikti\projekter\visualstudio-projects\bdsa2013\assignment36-reversepolishcalculator.tests\bin\debug\assignment36-reversepolishcalculator.tests.dll" id="6816492e-f6d9-d09f-e8e1-8f7ece9c24e1">
      <Execution id="128879e1-d979-4323-ab3f-cdf19b007f0c" />
      <TestMethod codeBase="C:/Users/sttho102/Documents/Stinus Vikti/Projekter/VisualStudio-Projects/BDSA2013/Assignment36-ReversePolishCalculator.Tests/bin/Debug/Assignment36-ReversePolishCalculator.Tests.DLL" adapterTypeName="Microsoft.VisualStudio.TestTools.TestTypes.Unit.UnitTestAdapter, Microsoft.VisualStudio.QualityTools.Tips.UnitTest.Adapter, Version=10.0.0.0, Culture=neutral, PublicKeyToken=b03f5f7f11d50a3a" className="Assignment36_ReversePolishCalculator.Tests.UnitTest1, Assignment36-ReversePolishCalculator.Tests, Version=1.0.0.0, Culture=neutral, PublicKeyToken=null" name="TestAllOperaters" />
    </UnitTest>
    <UnitTest name="TestComplexExpressions" storage="c:\users\sttho102\documents\stinus vikti\projekter\visualstudio-projects\bdsa2013\assignment36-reversepolishcalculator.tests\bin\debug\assignment36-reversepolishcalculator.tests.dll" id="b635c620-a2d1-e040-1736-0813a271094a">
      <Execution id="c7838b57-b024-407f-aaff-a6f300e700e5" />
      <TestMethod codeBase="C:/Users/sttho102/Documents/Stinus Vikti/Projekter/VisualStudio-Projects/BDSA2013/Assignment36-ReversePolishCalculator.Tests/bin/Debug/Assignment36-ReversePolishCalculator.Tests.DLL" adapterTypeName="Microsoft.VisualStudio.TestTools.TestTypes.Unit.UnitTestAdapter, Microsoft.VisualStudio.QualityTools.Tips.UnitTest.Adapter, Version=10.0.0.0, Culture=neutral, PublicKeyToken=b03f5f7f11d50a3a" className="Assignment36_ReversePolishCalculator.Tests.UnitTest1, Assignment36-ReversePolishCalculator.Tests, Version=1.0.0.0, Culture=neutral, PublicKeyToken=null" name="TestComplexExpressions" />
    </UnitTest>
    <UnitTest name="InfixTestShouldGive14" storage="c:\users\sttho102\documents\stinus vikti\projekter\visualstudio-projects\bdsa2013\assignment36-reversepolishcalculator.tests\bin\debug\assignment36-reversepolishcalculator.tests.dll" id="ed58d528-690f-81c0-e15e-2862b47d7541">
      <Execution id="980f4ea6-96b5-4fa1-863c-1405493a8b03" />
      <TestMethod codeBase="C:/Users/sttho102/Documents/Stinus Vikti/Projekter/VisualStudio-Projects/BDSA2013/Assignment36-ReversePolishCalculator.Tests/bin/Debug/Assignment36-ReversePolishCalculator.Tests.DLL" adapterTypeName="Microsoft.VisualStudio.TestTools.TestTypes.Unit.UnitTestAdapter, Microsoft.VisualStudio.QualityTools.Tips.UnitTest.Adapter, Version=10.0.0.0, Culture=neutral, PublicKeyToken=b03f5f7f11d50a3a" className="Assignment36_ReversePolishCalculator.Tests.UnitTest1, Assignment36-ReversePolishCalculator.Tests, Version=1.0.0.0, Culture=neutral, PublicKeyToken=null" name="InfixTestShouldGive14" />
    </UnitTest>
    <UnitTest name="InfixTestNothingAndNull" storage="c:\users\sttho102\documents\stinus vikti\projekter\visualstudio-projects\bdsa2013\assignment36-reversepolishcalculator.tests\bin\debug\assignment36-reversepolishcalculator.tests.dll" id="d6db8c19-ab7e-ffde-44b8-2f34d1e5a36a">
      <Execution id="dc7eca81-c92d-46f3-ac4b-641e6544c868" />
      <TestMethod codeBase="C:/Users/sttho102/Documents/Stinus Vikti/Projekter/VisualStudio-Projects/BDSA2013/Assignment36-ReversePolishCalculator.Tests/bin/Debug/Assignment36-ReversePolishCalculator.Tests.DLL" adapterTypeName="Microsoft.VisualStudio.TestTools.TestTypes.Unit.UnitTestAdapter, Microsoft.VisualStudio.QualityTools.Tips.UnitTest.Adapter, Version=10.0.0.0, Culture=neutral, PublicKeyToken=b03f5f7f11d50a3a" className="Assignment36_ReversePolishCalculator.Tests.UnitTest1, Assignment36-ReversePolishCalculator.Tests, Version=1.0.0.0, Culture=neutral, PublicKeyToken=null" name="InfixTestNothingAndNull" />
    </UnitTest>
    <UnitTest name="InfixTestXBeforePlus" storage="c:\users\sttho102\documents\stinus vikti\projekter\visualstudio-projects\bdsa2013\assignment36-reversepolishcalculator.tests\bin\debug\assignment36-reversepolishcalculator.tests.dll" id="8cd04349-3219-f9b3-8e49-09e993029a1e">
      <Execution id="81f038ca-208f-47a0-b9c8-10cba828ecec" />
      <TestMethod codeBase="C:/Users/sttho102/Documents/Stinus Vikti/Projekter/VisualStudio-Projects/BDSA2013/Assignment36-ReversePolishCalculator.Tests/bin/Debug/Assignment36-ReversePolishCalculator.Tests.DLL" adapterTypeName="Microsoft.VisualStudio.TestTools.TestTypes.Unit.UnitTestAdapter, Microsoft.VisualStudio.QualityTools.Tips.UnitTest.Adapter, Version=10.0.0.0, Culture=neutral, PublicKeyToken=b03f5f7f11d50a3a" className="Assignment36_ReversePolishCalculator.Tests.UnitTest1, Assignment36-ReversePolishCalculator.Tests, Version=1.0.0.0, Culture=neutral, PublicKeyToken=null" name="InfixTestXBeforePlus" />
    </UnitTest>
    <UnitTest name="TestShouldGive14" storage="c:\users\sttho102\documents\stinus vikti\projekter\visualstudio-projects\bdsa2013\assignment36-reversepolishcalculator.tests\bin\debug\assignment36-reversepolishcalculator.tests.dll" id="49e695f6-490e-902c-6b27-fab8aeb2b9ff">
      <Execution id="b9ec4fcc-5828-401d-9c3d-b2eb5ebf084b" />
      <TestMethod codeBase="C:/Users/sttho102/Documents/Stinus Vikti/Projekter/VisualStudio-Projects/BDSA2013/Assignment36-ReversePolishCalculator.Tests/bin/Debug/Assignment36-ReversePolishCalculator.Tests.DLL" adapterTypeName="Microsoft.VisualStudio.TestTools.TestTypes.Unit.UnitTestAdapter, Microsoft.VisualStudio.QualityTools.Tips.UnitTest.Adapter, Version=10.0.0.0, Culture=neutral, PublicKeyToken=b03f5f7f11d50a3a" className="Assignment36_ReversePolishCalculator.Tests.UnitTest1, Assignment36-ReversePolishCalculator.Tests, Version=1.0.0.0, Culture=neutral, PublicKeyToken=null" name="TestShouldGive14" />
    </UnitTest>
    <UnitTest name="InfixTestComplexExpressions" storage="c:\users\sttho102\documents\stinus vikti\projekter\visualstudio-projects\bdsa2013\assignment36-reversepolishcalculator.tests\bin\debug\assignment36-reversepolishcalculator.tests.dll" id="28d73f5d-2d82-b391-2c82-c341a39bf487">
      <Execution id="720b1761-65e6-4a96-ade2-9cd060073df4" />
      <TestMethod codeBase="C:/Users/sttho102/Documents/Stinus Vikti/Projekter/VisualStudio-Projects/BDSA2013/Assignment36-ReversePolishCalculator.Tests/bin/Debug/Assignment36-ReversePolishCalculator.Tests.DLL" adapterTypeName="Microsoft.VisualStudio.TestTools.TestTypes.Unit.UnitTestAdapter, Microsoft.VisualStudio.QualityTools.Tips.UnitTest.Adapter, Version=10.0.0.0, Culture=neutral, PublicKeyToken=b03f5f7f11d50a3a" className="Assignment36_ReversePolishCalculator.Tests.UnitTest1, Assignment36-ReversePolishCalculator.Tests, Version=1.0.0.0, Culture=neutral, PublicKeyToken=null" name="InfixTestComplexExpressions" />
    </UnitTest>
    <UnitTest name="InfixTestAllOperaters" storage="c:\users\sttho102\documents\stinus vikti\projekter\visualstudio-projects\bdsa2013\assignment36-reversepolishcalculator.tests\bin\debug\assignment36-reversepolishcalculator.tests.dll" id="4b751b85-919b-e8a3-8d21-28def13a1163">
      <Execution id="39b17515-1e3a-4b8a-b9fc-9ce6e090f188" />
      <TestMethod codeBase="C:/Users/sttho102/Documents/Stinus Vikti/Projekter/VisualStudio-Projects/BDSA2013/Assignment36-ReversePolishCalculator.Tests/bin/Debug/Assignment36-ReversePolishCalculator.Tests.DLL" adapterTypeName="Microsoft.VisualStudio.TestTools.TestTypes.Unit.UnitTestAdapter, Microsoft.VisualStudio.QualityTools.Tips.UnitTest.Adapter, Version=10.0.0.0, Culture=neutral, PublicKeyToken=b03f5f7f11d50a3a" className="Assignment36_ReversePolishCalculator.Tests.UnitTest1, Assignment36-ReversePolishCalculator.Tests, Version=1.0.0.0, Culture=neutral, PublicKeyToken=null" name="InfixTestAllOperaters" />
    </UnitTest>
    <UnitTest name="TestNothingAndNull" storage="c:\users\sttho102\documents\stinus vikti\projekter\visualstudio-projects\bdsa2013\assignment36-reversepolishcalculator.tests\bin\debug\assignment36-reversepolishcalculator.tests.dll" id="60aa980d-9d7a-64e5-f753-8048cd2a8b2d">
      <Execution id="c087d139-d829-4a15-a436-57b6f56325db" />
      <TestMethod codeBase="C:/Users/sttho102/Documents/Stinus Vikti/Projekter/VisualStudio-Projects/BDSA2013/Assignment36-ReversePolishCalculator.Tests/bin/Debug/Assignment36-ReversePolishCalculator.Tests.DLL" adapterTypeName="Microsoft.VisualStudio.TestTools.TestTypes.Unit.UnitTestAdapter, Microsoft.VisualStudio.QualityTools.Tips.UnitTest.Adapter, Version=10.0.0.0, Culture=neutral, PublicKeyToken=b03f5f7f11d50a3a" className="Assignment36_ReversePolishCalculator.Tests.UnitTest1, Assignment36-ReversePolishCalculator.Tests, Version=1.0.0.0, Culture=neutral, PublicKeyToken=null" name="TestNothingAndNull" />
    </UnitTest>
  </TestDefinitions>
  <TestLists>
    <TestList name="Results Not in a List" id="8c84fa94-04c1-424b-9868-57a2d4851a1d" />
    <TestList name="All Loaded Results" id="19431567-8539-422a-85d7-44ee4e166bda" />
  </TestLists>
  <TestEntries>
    <TestEntry testId="60aa980d-9d7a-64e5-f753-8048cd2a8b2d" executionId="c087d139-d829-4a15-a436-57b6f56325db" testListId="8c84fa94-04c1-424b-9868-57a2d4851a1d" />
    <TestEntry testId="6816492e-f6d9-d09f-e8e1-8f7ece9c24e1" executionId="128879e1-d979-4323-ab3f-cdf19b007f0c" testListId="8c84fa94-04c1-424b-9868-57a2d4851a1d" />
    <TestEntry testId="b635c620-a2d1-e040-1736-0813a271094a" executionId="c7838b57-b024-407f-aaff-a6f300e700e5" testListId="8c84fa94-04c1-424b-9868-57a2d4851a1d" />
    <TestEntry testId="49e695f6-490e-902c-6b27-fab8aeb2b9ff" executionId="b9ec4fcc-5828-401d-9c3d-b2eb5ebf084b" testListId="8c84fa94-04c1-424b-9868-57a2d4851a1d" />
    <TestEntry testId="d6db8c19-ab7e-ffde-44b8-2f34d1e5a36a" executionId="dc7eca81-c92d-46f3-ac4b-641e6544c868" testListId="8c84fa94-04c1-424b-9868-57a2d4851a1d" />
    <TestEntry testId="4b751b85-919b-e8a3-8d21-28def13a1163" executionId="39b17515-1e3a-4b8a-b9fc-9ce6e090f188" testListId="8c84fa94-04c1-424b-9868-57a2d4851a1d" />
    <TestEntry testId="28d73f5d-2d82-b391-2c82-c341a39bf487" executionId="720b1761-65e6-4a96-ade2-9cd060073df4" testListId="8c84fa94-04c1-424b-9868-57a2d4851a1d" />
    <TestEntry testId="ed58d528-690f-81c0-e15e-2862b47d7541" executionId="980f4ea6-96b5-4fa1-863c-1405493a8b03" testListId="8c84fa94-04c1-424b-9868-57a2d4851a1d" />
    <TestEntry testId="8cd04349-3219-f9b3-8e49-09e993029a1e" executionId="81f038ca-208f-47a0-b9c8-10cba828ecec" testListId="8c84fa94-04c1-424b-9868-57a2d4851a1d" />
    <TestEntry testId="a7808262-ae0c-8500-ceb3-883bc340dcf8" executionId="7462657c-05d4-4f54-9fcd-a08c5d267497" testListId="8c84fa94-04c1-424b-9868-57a2d4851a1d" />
  </TestEntries>
  <Results>
    <UnitTestResult executionId="c087d139-d829-4a15-a436-57b6f56325db" testId="60aa980d-9d7a-64e5-f753-8048cd2a8b2d" testName="TestNothingAndNull" computerName="VIDR95PV8H" duration="00:00:00.0397759" startTime="2014-09-05T15:01:50.3077469+02:00" endTime="2014-09-05T15:01:52.9288969+02:00" testType="13cdc9d9-ddb5-4fa4-a97d-d965ccfc6d4b" outcome="Passed" testListId="8c84fa94-04c1-424b-9868-57a2d4851a1d" relativeResultsDirectory="c087d139-d829-4a15-a436-57b6f56325db">
    </UnitTestResult>
    <UnitTestResult executionId="128879e1-d979-4323-ab3f-cdf19b007f0c" testId="6816492e-f6d9-d09f-e8e1-8f7ece9c24e1" testName="TestAllOperaters" computerName="VIDR95PV8H" duration="00:00:00.0025108" startTime="2014-09-05T15:01:52.9558984+02:00" endTime="2014-09-05T15:01:52.9738994+02:00" testType="13cdc9d9-ddb5-4fa4-a97d-d965ccfc6d4b" outcome="Passed" testListId="8c84fa94-04c1-424b-9868-57a2d4851a1d" relativeResultsDirectory="128879e1-d979-4323-ab3f-cdf19b007f0c">
    </UnitTestResult>
    <UnitTestResult executionId="c7838b57-b024-407f-aaff-a6f300e700e5" testId="b635c620-a2d1-e040-1736-0813a271094a" testName="TestComplexExpressions" computerName="VIDR95PV8H" duration="00:00:00.0005240" startTime="2014-09-05T15:01:52.9979008+02:00" endTime="2014-09-05T15:01:53.0209021+02:00" testType="13cdc9d9-ddb5-4fa4-a97d-d965ccfc6d4b" outcome="Passed" testListId="8c84fa94-04c1-424b-9868-57a2d4851a1d" relativeResultsDirectory="c7838b57-b024-407f-aaff-a6f300e700e5">
    </UnitTestResult>
    <UnitTestResult executionId="b9ec4fcc-5828-401d-9c3d-b2eb5ebf084b" testId="49e695f6-490e-902c-6b27-fab8aeb2b9ff" testName="TestShouldGive14" computerName="VIDR95PV8H" duration="00:00:00.0004253" startTime="2014-09-05T15:01:53.0359030+02:00" endTime="2014-09-05T15:01:53.0469036+02:00" testType="13cdc9d9-ddb5-4fa4-a97d-d965ccfc6d4b" outcome="Passed" testListId="8c84fa94-04c1-424b-9868-57a2d4851a1d" relativeResultsDirectory="b9ec4fcc-5828-401d-9c3d-b2eb5ebf084b">
    </UnitTestResult>
    <UnitTestResult executionId="dc7eca81-c92d-46f3-ac4b-641e6544c868" testId="d6db8c19-ab7e-ffde-44b8-2f34d1e5a36a" testName="InfixTestNothingAndNull" computerName="VIDR95PV8H" duration="00:00:15.8809083" startTime="2014-09-05T15:01:53.0669048+02:00" endTime="2014-09-05T15:02:08.9478131+02:00" testType="13cdc9d9-ddb5-4fa4-a97d-d965ccfc6d4b" outcome="Aborted" testListId="8c84fa94-04c1-424b-9868-57a2d4851a1d" relativeResultsDirectory="dc7eca81-c92d-46f3-ac4b-641e6544c868">
    </UnitTestResult>
    <UnitTestResult executionId="39b17515-1e3a-4b8a-b9fc-9ce6e090f188" testId="4b751b85-919b-e8a3-8d21-28def13a1163" testName="InfixTestAllOperaters" computerName="VIDR95PV8H" testType="13cdc9d9-ddb5-4fa4-a97d-d965ccfc6d4b" outcome="NotExecuted" testListId="8c84fa94-04c1-424b-9868-57a2d4851a1d" relativeResultsDirectory="39b17515-1e3a-4b8a-b9fc-9ce6e090f188">
    </UnitTestResult>
    <UnitTestResult executionId="720b1761-65e6-4a96-ade2-9cd060073df4" testId="28d73f5d-2d82-b391-2c82-c341a39bf487" testName="InfixTestComplexExpressions" computerName="VIDR95PV8H" testType="13cdc9d9-ddb5-4fa4-a97d-d965ccfc6d4b" outcome="NotExecuted" testListId="8c84fa94-04c1-424b-9868-57a2d4851a1d" relativeResultsDirectory="720b1761-65e6-4a96-ade2-9cd060073df4">
    </UnitTestResult>
    <UnitTestResult executionId="980f4ea6-96b5-4fa1-863c-1405493a8b03" testId="ed58d528-690f-81c0-e15e-2862b47d7541" testName="InfixTestShouldGive14" computerName="VIDR95PV8H" testType="13cdc9d9-ddb5-4fa4-a97d-d965ccfc6d4b" outcome="NotExecuted" testListId="8c84fa94-04c1-424b-9868-57a2d4851a1d" relativeResultsDirectory="980f4ea6-96b5-4fa1-863c-1405493a8b03">
    </UnitTestResult>
    <UnitTestResult executionId="81f038ca-208f-47a0-b9c8-10cba828ecec" testId="8cd04349-3219-f9b3-8e49-09e993029a1e" testName="InfixTestXBeforePlus" computerName="VIDR95PV8H" testType="13cdc9d9-ddb5-4fa4-a97d-d965ccfc6d4b" outcome="NotExecuted" testListId="8c84fa94-04c1-424b-9868-57a2d4851a1d" relativeResultsDirectory="81f038ca-208f-47a0-b9c8-10cba828ecec">
    </UnitTestResult>
    <UnitTestResult executionId="7462657c-05d4-4f54-9fcd-a08c5d267497" testId="a7808262-ae0c-8500-ceb3-883bc340dcf8" testName="InfixTestPowBeforeX" computerName="VIDR95PV8H" testType="13cdc9d9-ddb5-4fa4-a97d-d965ccfc6d4b" outcome="NotExecuted" testListId="8c84fa94-04c1-424b-9868-57a2d4851a1d" relativeResultsDirectory="7462657c-05d4-4f54-9fcd-a08c5d267497">
    </UnitTestResult>
  </Results>
</TestRun>