<?xml version="1.0" encoding="UTF-8"?>
<TestRun id="c0889138-f0f2-45f2-a264-f12b06cf59bf" name="stin7054@VIDR95PV8H 2014-09-05 14:06:03" runUser="DJES\stin7054" xmlns="http://microsoft.com/schemas/VisualStudio/TeamTest/2010">
  <TestSettings name="Local" id="04115614-1aaf-4ba0-addb-7711795f6c7f">
    <Description>These are default test settings for a local test run.</Description>
    <Deployment enabled="false" runDeploymentRoot="stin7054_VIDR95PV8H 2014-09-05 14_06_03">
      <DeploymentItem filename="C:\Users\sttho102\Documents\Stinus Vikti\Projekter\VisualStudio-Projects\BDSA2013\Assignment36-ReversePolishCalculator\bin\Debug\Assignment36-ReversePolishCalculator.exe" />
    </Deployment>
    <Execution>
      <TestTypeSpecific />
      <AgentRule name="Execution Agents">
      </AgentRule>
    </Execution>
  </TestSettings>
  <Times creation="2014-09-05T14:06:03.1883027+02:00" queuing="2014-09-05T14:06:09.4586613+02:00" start="2014-09-05T14:06:09.8506837+02:00" finish="2014-09-05T14:07:00.1215591+02:00" />
  <ResultSummary outcome="Error">
    <Counters total="4" executed="1" error="0" failed="0" timeout="0" aborted="1" inconclusive="0" passedButRunAborted="0" notRunnable="0" notExecuted="3" disconnected="0" warning="0" passed="0" completed="0" inProgress="0" pending="0" />
    <RunInfos>
      <RunInfo computerName="VIDR95PV8H" outcome="Error" timestamp="2014-09-05T14:07:00.1195589+02:00">
        <Text>Test host process exited unexpectedly.</Text>
      </RunInfo>
    </RunInfos>
  </ResultSummary>
  <TestDefinitions>
    <UnitTest name="TestMethod4" storage="c:\users\sttho102\documents\stinus vikti\projekter\visualstudio-projects\bdsa2013\assignment36-reversepolishcalculator.tests\bin\debug\assignment36-reversepolishcalculator.tests.dll" id="13bebeec-fbd8-d0ab-bee5-240742b5f456">
      <Execution id="1a2d5461-86b9-404d-bfc6-cb4ba48e03ce" />
      <TestMethod codeBase="C:/Users/sttho102/Documents/Stinus Vikti/Projekter/VisualStudio-Projects/BDSA2013/Assignment36-ReversePolishCalculator.Tests/bin/Debug/Assignment36-ReversePolishCalculator.Tests.DLL" adapterTypeName="Microsoft.VisualStudio.TestTools.TestTypes.Unit.UnitTestAdapter, Microsoft.VisualStudio.QualityTools.Tips.UnitTest.Adapter, Version=10.0.0.0, Culture=neutral, PublicKeyToken=b03f5f7f11d50a3a" className="Assignment36_ReversePolishCalculator.Tests.UnitTest1, Assignment36-ReversePolishCalculator.Tests, Version=1.0.0.0, Culture=neutral, PublicKeyToken=null" name="TestMethod4" />
    </UnitTest>
    <UnitTest name="TestMethod2" storage="c:\users\sttho102\documents\stinus vikti\projekter\visualstudio-projects\bdsa2013\assignment36-reversepolishcalculator.tests\bin\debug\assignment36-reversepolishcalculator.tests.dll" id="d45f36bc-2b4b-6b7b-1b25-e902792c7975">
      <Execution id="9fa2e0e7-9e9f-4cb0-b121-f1f1988f2404" />
      <TestMethod codeBase="C:/Users/sttho102/Documents/Stinus Vikti/Projekter/VisualStudio-Projects/BDSA2013/Assignment36-ReversePolishCalculator.Tests/bin/Debug/Assignment36-ReversePolishCalculator.Tests.DLL" adapterTypeName="Microsoft.VisualStudio.TestTools.TestTypes.Unit.UnitTestAdapter, Microsoft.VisualStudio.QualityTools.Tips.UnitTest.Adapter, Version=10.0.0.0, Culture=neutral, PublicKeyToken=b03f5f7f11d50a3a" className="Assignment36_ReversePolishCalculator.Tests.UnitTest1, Assignment36-ReversePolishCalculator.Tests, Version=1.0.0.0, Culture=neutral, PublicKeyToken=null" name="TestMethod2" />
    </UnitTest>
    <UnitTest name="TestMethod1" storage="c:\users\sttho102\documents\stinus vikti\projekter\visualstudio-projects\bdsa2013\assignment36-reversepolishcalculator.tests\bin\debug\assignment36-reversepolishcalculator.tests.dll" id="74662d05-33e7-02fe-702d-ab7e3900e56f">
      <Execution id="25ad66d8-96c5-4607-9f9f-ba1596db0986" />
      <TestMethod codeBase="C:/Users/sttho102/Documents/Stinus Vikti/Projekter/VisualStudio-Projects/BDSA2013/Assignment36-ReversePolishCalculator.Tests/bin/Debug/Assignment36-ReversePolishCalculator.Tests.DLL" adapterTypeName="Microsoft.VisualStudio.TestTools.TestTypes.Unit.UnitTestAdapter, Microsoft.VisualStudio.QualityTools.Tips.UnitTest.Adapter, Version=10.0.0.0, Culture=neutral, PublicKeyToken=b03f5f7f11d50a3a" className="Assignment36_ReversePolishCalculator.Tests.UnitTest1, Assignment36-ReversePolishCalculator.Tests, Version=1.0.0.0, Culture=neutral, PublicKeyToken=null" name="TestMethod1" />
    </UnitTest>
    <UnitTest name="TestMethod3" storage="c:\users\sttho102\documents\stinus vikti\projekter\visualstudio-projects\bdsa2013\assignment36-reversepolishcalculator.tests\bin\debug\assignment36-reversepolishcalculator.tests.dll" id="8e369f6d-4f58-e2c6-5f94-d1b0ff6c4d39">
      <Execution id="33d7bc7c-257e-4a04-9d3f-e5d15cc0bcca" />
      <TestMethod codeBase="C:/Users/sttho102/Documents/Stinus Vikti/Projekter/VisualStudio-Projects/BDSA2013/Assignment36-ReversePolishCalculator.Tests/bin/Debug/Assignment36-ReversePolishCalculator.Tests.DLL" adapterTypeName="Microsoft.VisualStudio.TestTools.TestTypes.Unit.UnitTestAdapter, Microsoft.VisualStudio.QualityTools.Tips.UnitTest.Adapter, Version=10.0.0.0, Culture=neutral, PublicKeyToken=b03f5f7f11d50a3a" className="Assignment36_ReversePolishCalculator.Tests.UnitTest1, Assignment36-ReversePolishCalculator.Tests, Version=1.0.0.0, Culture=neutral, PublicKeyToken=null" name="TestMethod3" />
    </UnitTest>
  </TestDefinitions>
  <TestLists>
    <TestList name="Results Not in a List" id="8c84fa94-04c1-424b-9868-57a2d4851a1d" />
    <TestList name="All Loaded Results" id="19431567-8539-422a-85d7-44ee4e166bda" />
  </TestLists>
  <TestEntries>
    <TestEntry testId="74662d05-33e7-02fe-702d-ab7e3900e56f" executionId="25ad66d8-96c5-4607-9f9f-ba1596db0986" testListId="8c84fa94-04c1-424b-9868-57a2d4851a1d" />
    <TestEntry testId="d45f36bc-2b4b-6b7b-1b25-e902792c7975" executionId="9fa2e0e7-9e9f-4cb0-b121-f1f1988f2404" testListId="8c84fa94-04c1-424b-9868-57a2d4851a1d" />
    <TestEntry testId="8e369f6d-4f58-e2c6-5f94-d1b0ff6c4d39" executionId="33d7bc7c-257e-4a04-9d3f-e5d15cc0bcca" testListId="8c84fa94-04c1-424b-9868-57a2d4851a1d" />
    <TestEntry testId="13bebeec-fbd8-d0ab-bee5-240742b5f456" executionId="1a2d5461-86b9-404d-bfc6-cb4ba48e03ce" testListId="8c84fa94-04c1-424b-9868-57a2d4851a1d" />
  </TestEntries>
  <Results>
    <UnitTestResult executionId="25ad66d8-96c5-4607-9f9f-ba1596db0986" testId="74662d05-33e7-02fe-702d-ab7e3900e56f" testName="TestMethod1" computerName="VIDR95PV8H" duration="00:00:49.8678523" startTime="2014-09-05T14:06:10.2537068+02:00" endTime="2014-09-05T14:07:00.1215591+02:00" testType="13cdc9d9-ddb5-4fa4-a97d-d965ccfc6d4b" outcome="Aborted" testListId="8c84fa94-04c1-424b-9868-57a2d4851a1d" relativeResultsDirectory="25ad66d8-96c5-4607-9f9f-ba1596db0986">
    </UnitTestResult>
    <UnitTestResult executionId="9fa2e0e7-9e9f-4cb0-b121-f1f1988f2404" testId="d45f36bc-2b4b-6b7b-1b25-e902792c7975" testName="TestMethod2" computerName="VIDR95PV8H" testType="13cdc9d9-ddb5-4fa4-a97d-d965ccfc6d4b" outcome="NotExecuted" testListId="8c84fa94-04c1-424b-9868-57a2d4851a1d" relativeResultsDirectory="9fa2e0e7-9e9f-4cb0-b121-f1f1988f2404">
    </UnitTestResult>
    <UnitTestResult executionId="33d7bc7c-257e-4a04-9d3f-e5d15cc0bcca" testId="8e369f6d-4f58-e2c6-5f94-d1b0ff6c4d39" testName="TestMethod3" computerName="VIDR95PV8H" testType="13cdc9d9-ddb5-4fa4-a97d-d965ccfc6d4b" outcome="NotExecuted" testListId="8c84fa94-04c1-424b-9868-57a2d4851a1d" relativeResultsDirectory="33d7bc7c-257e-4a04-9d3f-e5d15cc0bcca">
    </UnitTestResult>
    <UnitTestResult executionId="1a2d5461-86b9-404d-bfc6-cb4ba48e03ce" testId="13bebeec-fbd8-d0ab-bee5-240742b5f456" testName="TestMethod4" computerName="VIDR95PV8H" testType="13cdc9d9-ddb5-4fa4-a97d-d965ccfc6d4b" outcome="NotExecuted" testListId="8c84fa94-04c1-424b-9868-57a2d4851a1d" relativeResultsDirectory="1a2d5461-86b9-404d-bfc6-cb4ba48e03ce">
    </UnitTestResult>
  </Results>
</TestRun>